C:\Users\Marouane-PC\Desktop\Folders\engineering life\S3\spring\angularBack\src\main\java\com\example\angularback\service\FavoriteService.java
C:\Users\Marouane-PC\Desktop\Folders\engineering life\S3\spring\angularBack\src\main\java\com\example\angularback\exeptions\UserNotFoundExeption.java
C:\Users\Marouane-PC\Desktop\Folders\engineering life\S3\spring\angularBack\src\main\java\com\example\angularback\service\UserSercice.java
C:\Users\Marouane-PC\Desktop\Folders\engineering life\S3\spring\angularBack\src\main\java\com\example\angularback\repository\UserRepository.java
C:\Users\Marouane-PC\Desktop\Folders\engineering life\S3\spring\angularBack\src\main\java\com\example\angularback\model\User.java
C:\Users\Marouane-PC\Desktop\Folders\engineering life\S3\spring\angularBack\src\main\java\com\example\angularback\controlers\FavoriteController.java
C:\Users\Marouane-PC\Desktop\Folders\engineering life\S3\spring\angularBack\src\main\java\com\example\angularback\controlers\UserControler.java
C:\Users\Marouane-PC\Desktop\Folders\engineering life\S3\spring\angularBack\src\main\java\com\example\angularback\model\Comments.java
C:\Users\Marouane-PC\Desktop\Folders\engineering life\S3\spring\angularBack\src\main\java\com\example\angularback\controlers\CommentsControler.java
C:\Users\Marouane-PC\Desktop\Folders\engineering life\S3\spring\angularBack\src\main\java\com\example\angularback\model\Favorite.java
C:\Users\Marouane-PC\Desktop\Folders\engineering life\S3\spring\angularBack\src\main\java\com\example\angularback\repository\CommentsRepository.java
C:\Users\Marouane-PC\Desktop\Folders\engineering life\S3\spring\angularBack\src\main\java\com\example\angularback\repository\FavoriteRepository.java
C:\Users\Marouane-PC\Desktop\Folders\engineering life\S3\spring\angularBack\src\main\java\com\example\angularback\CorsConfig.java
C:\Users\Marouane-PC\Desktop\Folders\engineering life\S3\spring\angularBack\src\main\java\com\example\angularback\service\CommentsService.java
C:\Users\Marouane-PC\Desktop\Folders\engineering life\S3\spring\angularBack\src\main\java\com\example\angularback\AngularBackApplication.java
